

$ testcafe chrome succLogintest.js
 Running tests in:
 - Chrome 115.0.0.0 / Windows 10

 Login Test
 √ Successful Login with Valid Credentials


 1 passed (1m 23s)

$ testcafe firefox succLogintest.js
 Running tests in:
 - Firefox 117.0 / Windows 10

 Login Test
 √ Successful Login with Valid Credentials


 1 passed (1m 16s)

#####################################################################################

$ testcafe chrome invalidTest.js 
 Running tests in:
 - Chrome 115.0.0.0 / Windows 10

 Login Tests                                                             {
 √ Invalid Login Attempts: Short Password)
 √ Invalid Login Attempts: No Username/Password


 2 passed (11s)

$ testcafe firefox invalidTest.js 
 Running tests in:
 - Firefox 117.0 / Windows 10

 Login Tests
 √ Invalid Login Attempts: Short Password)
 √ Invalid Login Attempts: No Username/Password


 2 passed (23s)
$ 

#####################################################################################

$ testcafe firefox unsuccLoginTest.js 
 Running tests in:
 - Firefox 117.0 / Windows 10

 Unsuccessful Login Tests    
 √ Invalid Credentials: Wrong Email and Password


 1 passed (11s)

$ testcafe chrome unsuccLoginTest.js                                    
 Running tests in:
 - Chrome 115.0.0.0 / Windows 10

 Unsuccessful Login Tests       
 √ Invalid Credentials: Wrong Email and Password


 1 passed (11s)

 #####################################################################################

 $ testcafe chrome successDashboard.js 
 Running tests in:
 - Chrome 115.0.0.0 / Windows 10

 Login Test
 √ Successful Login with Valid Credentials


 1 passed (16s)

 $ testcafe firefox successDashboard.js 
 Running tests in:
 - Firefox 117.0 / Windows 10

 Login Test
 √ Successful Login with Valid Credentials


 1 passed (19s)






